// Vitest Snapshot v1, https://vitest.dev/guide/snapshot.html

exports[`Home Page > renders 1`] = `
<div>
  <main
    class="MuiContainer-root MuiContainer-maxWidthLg css-1oqqzyl-MuiContainer-root"
  >
    <div
      class="MuiBox-root css-1gqbj6n"
    >
      <section
        id="home"
      >
        <div
          class="MuiStack-root css-le9p6c-MuiStack-root"
        />
      </section>
    </div>
  </main>
</div>
`;
